12:06:27 **** Incremental Build of configuration Debug for project CAN_TEST_2 ****
make -j16 all 
arm-none-eabi-gcc "../Core/Src/main.c" -mcpu=cortex-m4 -std=gnu11 -g3 -DDEBUG -DUSE_HAL_DRIVER -DSTM32F303x8 -c -I../Core/Inc -IC:/Users/hukas/STM32Cube/Repository/STM32Cube_FW_F3_V1.11.5/Drivers/STM32F3xx_HAL_Driver/Inc -IC:/Users/hukas/STM32Cube/Repository/STM32Cube_FW_F3_V1.11.5/Drivers/STM32F3xx_HAL_Driver/Inc/Legacy -IC:/Users/hukas/STM32Cube/Repository/STM32Cube_FW_F3_V1.11.5/Drivers/CMSIS/Device/ST/STM32F3xx/Include -IC:/Users/hukas/STM32Cube/Repository/STM32Cube_FW_F3_V1.11.5/Drivers/CMSIS/Include -O0 -ffunction-sections -fdata-sections -Wall -fstack-usage -fcyclomatic-complexity -MMD -MP -MF"Core/Src/main.d" -MT"Core/Src/main.o" --specs=nano.specs -mfpu=fpv4-sp-d16 -mfloat-abi=hard -mthumb -o "Core/Src/main.o"
arm-none-eabi-gcc -o "CAN_TEST_2.elf" @"objects.list"   -mcpu=cortex-m4 -T"C:\CubeIDE_Folder_program\CAN_Tst_2\CAN_TEST_2\STM32F303K8TX_FLASH.ld" --specs=nosys.specs -Wl,-Map="CAN_TEST_2.map" -Wl,--gc-sections -static --specs=nano.specs -mfpu=fpv4-sp-d16 -mfloat-abi=hard -mthumb -Wl,--start-group -lc -lm -Wl,--end-group
Finished building target: CAN_TEST_2.elf
 
arm-none-eabi-size  CAN_TEST_2.elf 
arm-none-eabi-objdump -h -S CAN_TEST_2.elf  > "CAN_TEST_2.list"
   text	   data	    bss	    dec	    hex	filename
  19072	    104	   2096	  21272	   5318	CAN_TEST_2.elf
Finished building: default.size.stdout
 
Finished building: CAN_TEST_2.list
 

12:06:28 Build Finished. 0 errors, 0 warnings. (took 1s.186ms)

